[2026-04-26T07:10:02.965867] Cycle complete. Memory stabilized.
[2026-04-26T07:10:29.756628] Cycle complete. Memory stabilized.
[2026-04-26T07:21:48.364194] Cycle complete. Memory stabilized.
[2026-04-26T07:24:38.670967] Cycle complete. Memory stabilized.
[2026-04-26T07:33:16.164644] Cycle complete. Memory stabilized.
[2026-04-26T07:34:18.231468] Cycle complete. Memory stabilized.
[2026-04-26T07:35:20.304195] Cycle complete. Memory stabilized.
[2026-04-26T07:36:22.374948] Cycle complete. Memory stabilized.
[2026-04-26T07:40:44.463769] Cycle complete. Memory stabilized.
[2026-04-26T07:41:46.542120] Cycle complete. Memory stabilized.
[2026-04-26T07:42:48.620412] Cycle complete. Memory stabilized.
[2026-04-26T07:43:50.688458] Cycle complete. Memory stabilized.
[2026-04-26T07:44:52.752138] Cycle complete. Memory stabilized.
[2026-04-26T07:45:54.820670] Cycle complete. Memory stabilized.
[2026-04-26T07:46:56.907674] Cycle complete. Memory stabilized.
[2026-04-26T07:47:58.979138] Cycle complete. Memory stabilized.
[2026-04-26T07:49:01.066022] Cycle complete. Memory stabilized.
[2026-04-26T07:50:03.168554] Cycle complete. Memory stabilized.
[2026-04-26T07:51:05.246678] Cycle complete. Memory stabilized.
[2026-04-26T07:52:07.317507] Cycle complete. Memory stabilized.
[2026-04-26T07:53:09.391201] Cycle complete. Memory stabilized.
[2026-04-26T07:54:11.470617] Cycle complete. Memory stabilized.
[2026-04-26T07:55:13.553003] Cycle complete. Memory stabilized.
[2026-04-26T07:56:15.616307] Cycle complete. Memory stabilized.
[2026-04-26T07:57:10.769737] Cycle complete. Memory stabilized.
[2026-04-26T07:57:17.691889] Cycle complete. Memory stabilized.
[2026-04-26T07:57:33.169948] Cycle complete. Memory stabilized.
[2026-04-26T07:58:19.751967] Cycle complete. Memory stabilized.
[2026-04-26T07:58:35.227474] Cycle complete. Memory stabilized.
[2026-04-26T07:59:21.824061] Cycle complete. Memory stabilized.
[2026-04-26T07:59:37.284872] Cycle complete. Memory stabilized.
[2026-04-26T08:00:23.897215] Cycle complete. Memory stabilized.
[2026-04-26T08:00:39.340577] Cycle complete. Memory stabilized.
[2026-04-26T08:01:25.953884] Cycle complete. Memory stabilized.
[2026-04-26T08:01:41.406662] Cycle complete. Memory stabilized.
[2026-04-26T08:02:28.021962] Cycle complete. Memory stabilized.
[2026-04-26T08:02:43.472408] Cycle complete. Memory stabilized.
[2026-04-26T08:03:30.080019] Cycle complete. Memory stabilized.
[2026-04-26T08:03:45.534729] Cycle complete. Memory stabilized.
[2026-04-26T08:04:32.146640] Cycle complete. Memory stabilized.
[2026-04-26T08:04:47.598307] Cycle complete. Memory stabilized.
[2026-04-26T08:05:34.221875] Cycle complete. Memory stabilized.
[2026-04-26T08:05:49.665124] Cycle complete. Memory stabilized.
[2026-04-26T08:06:36.309303] Cycle complete. Memory stabilized.
[2026-04-26T08:06:51.737240] Cycle complete. Memory stabilized.
[2026-04-26T08:07:38.378614] Cycle complete. Memory stabilized.
[2026-04-26T08:07:53.792272] Cycle complete. Memory stabilized.
[2026-04-26T08:08:40.431732] Cycle complete. Memory stabilized.
[2026-04-26T08:08:55.837637] Cycle complete. Memory stabilized.
[2026-04-26T08:09:42.490394] Cycle complete. Memory stabilized.
[2026-04-26T08:09:57.904670] Cycle complete. Memory stabilized.
[2026-04-26T08:10:44.585115] Cycle complete. Memory stabilized.
[2026-04-26T08:10:59.988269] Cycle complete. Memory stabilized.
[2026-04-26T08:11:46.681548] Cycle complete. Memory stabilized.
[2026-04-26T08:12:02.063214] Cycle complete. Memory stabilized.
[2026-04-26T08:12:48.743797] Cycle complete. Memory stabilized.
[2026-04-26T08:13:50.809400] Cycle complete. Memory stabilized.
[2026-04-26T08:14:52.867156] Cycle complete. Memory stabilized.
[2026-04-26T08:15:54.922481] Cycle complete. Memory stabilized.
[2026-04-26T08:16:56.973301] Cycle complete. Memory stabilized.
[2026-04-26T08:17:59.018655] Cycle complete. Memory stabilized.
[2026-04-26T08:19:01.082597] Cycle complete. Memory stabilized.
[2026-04-26T08:20:03.132778] Cycle complete. Memory stabilized.
[2026-04-26T08:21:05.186930] Cycle complete. Memory stabilized.
[2026-04-26T08:22:07.238228] Cycle complete. Memory stabilized.
[2026-04-26T08:23:09.298135] Cycle complete. Memory stabilized.
[2026-04-26T08:24:11.364128] Cycle complete. Memory stabilized.
[2026-04-26T08:25:13.441086] Cycle complete. Memory stabilized.
[2026-04-26T08:26:15.501880] Cycle complete. Memory stabilized.
[2026-04-26T08:27:17.556685] Cycle complete. Memory stabilized.
[2026-04-26T08:28:19.610140] Cycle complete. Memory stabilized.
[2026-04-26T08:29:21.661706] Cycle complete. Memory stabilized.
[2026-04-26T08:30:23.759184] Cycle complete. Memory stabilized.
[2026-04-26T08:30:26.020426] Cycle complete. Memory stabilized.
[2026-04-26T08:31:25.836852] Cycle complete. Memory stabilized.
[2026-04-26T08:31:28.119706] Cycle complete. Memory stabilized.
[2026-04-26T08:32:27.914005] Cycle complete. Memory stabilized.
[2026-04-26T08:32:30.188887] Cycle complete. Memory stabilized.
[2026-04-26T08:33:29.966865] Cycle complete. Memory stabilized.
[2026-04-26T08:33:32.247554] Cycle complete. Memory stabilized.
[2026-04-26T08:34:32.029098] Cycle complete. Memory stabilized.
[2026-04-26T08:34:34.295921] Cycle complete. Memory stabilized.
[2026-04-26T08:35:34.099266] Cycle complete. Memory stabilized.
[2026-04-26T08:35:36.359397] Cycle complete. Memory stabilized.
[2026-04-26T08:36:36.147078] Cycle complete. Memory stabilized.
[2026-04-26T08:36:38.423850] Cycle complete. Memory stabilized.
[2026-04-26T08:37:38.222003] Cycle complete. Memory stabilized.
[2026-04-26T08:37:40.502782] Cycle complete. Memory stabilized.
[2026-04-26T08:38:40.294785] Cycle complete. Memory stabilized.
[2026-04-26T08:38:42.562125] Cycle complete. Memory stabilized.
2026-04-28 10:41:05,937 - INFO - [Sentinel Core] Initiating Phase 10 Phoenix Protocol (Live Mode)...
2026-04-28 10:41:05,937 - INFO - [SICO] Handshake Protocol: INITIATED
2026-04-28 10:41:06,438 - INFO - [SICO] Synchronizing live order books and liquidity data...
2026-04-28 10:41:06,939 - INFO - [SICO] Engine LIVE. Awaiting Alpha signals.
2026-04-28 10:41:15,956 - INFO - Cycle 10 completed. Buffer size: 10
2026-04-28 10:41:25,976 - INFO - Cycle 20 completed. Buffer size: 20
